[modinatheme.com/html/printnow-html/index04b9.html]
[backblue.gif]
[fade.gif]
[index.html]
[modinatheme.com/html/printnow-html/assets/img/favicon.svg]
[modinatheme.com/html/printnow-html/assets/css/bootstrap.min.css]
[modinatheme.com/html/printnow-html/assets/css/font-awesome.css]
[modinatheme.com/html/printnow-html/assets/css/animate.css]
[modinatheme.com/html/printnow-html/assets/css/magnific-popup.css]
[modinatheme.com/html/printnow-html/assets/css/meanmenu.css]
[modinatheme.com/html/printnow-html/assets/css/swiper-bundle.min.css]
[modinatheme.com/html/printnow-html/assets/css/nice-select.css]
[modinatheme.com/html/printnow-html/assets/css/main.css]
[modinatheme.com/html/printnow-html/style.css]
[modinatheme.com/html/printnow-html/index.html]
[modinatheme.com/html/printnow-html/assets/img/logo/logo.svg]
[modinatheme.com/html/printnow-html/shop-details.html]
[modinatheme.com/html/printnow-html/assets/img/logo/white-logo.svg]
[modinatheme.com/html/printnow-html/assets/img/header/home-1.jpg]
[modinatheme.com/html/printnow-html/assets/img/header/home-2.jpg]
[modinatheme.com/html/printnow-html/index-2.html]
[modinatheme.com/html/printnow-html/assets/img/header/home-3.jpg]
[modinatheme.com/html/printnow-html/index-3.html]
[modinatheme.com/html/printnow-html/assets/img/header/home-4.jpg]
[modinatheme.com/html/printnow-html/index-4.html]
[modinatheme.com/html/printnow-html/about.html]
[modinatheme.com/html/printnow-html/service.html]
[modinatheme.com/html/printnow-html/service-details.html]
[modinatheme.com/html/printnow-html/shop.html]
[modinatheme.com/html/printnow-html/shop-leftsidebar.html]
[modinatheme.com/html/printnow-html/shop-rightsidebar.html]
[modinatheme.com/html/printnow-html/shop-cart.html]
[modinatheme.com/html/printnow-html/checkout.html]
[modinatheme.com/html/printnow-html/sign-in.html]
[modinatheme.com/html/printnow-html/sign-up.html]
[modinatheme.com/html/printnow-html/news.html]
[modinatheme.com/html/printnow-html/project.html]
[modinatheme.com/html/printnow-html/project-details.html]
[modinatheme.com/html/printnow-html/pricing.html]
[modinatheme.com/html/printnow-html/faq.html]
[modinatheme.com/html/printnow-html/404.html]
[modinatheme.com/html/printnow-html/news-grid.html]
[modinatheme.com/html/printnow-html/news-details.html]
[modinatheme.com/html/printnow-html/contact.html]
[modinatheme.com/html/printnow-html/product-details.html]
[modinatheme.com/html/printnow-html/assets/img/header/product-1.jpg]
[modinatheme.com/html/printnow-html/assets/img/header/product-2.jpg]
[modinatheme.com/html/printnow-html/assets/img/header/product-3.jpg]
[modinatheme.com/html/printnow-html/assets/img/hero/hero-bg-1.jpg]
[modinatheme.com/html/printnow-html/assets/img/hero/hero-1.png]
[modinatheme.com/html/printnow-html/assets/img/hero/hero-bg-2.jpg]
[modinatheme.com/html/printnow-html/assets/img/hero/hero-2.png]
[modinatheme.com/html/printnow-html/assets/img/catagories/10.png]
[modinatheme.com/html/printnow-html/assets/img/catagories/11.png]
[modinatheme.com/html/printnow-html/assets/img/catagories/12.png]
[modinatheme.com/html/printnow-html/assets/img/catagories/13.png]
[modinatheme.com/html/printnow-html/assets/img/catagories/14.png]
[modinatheme.com/html/printnow-html/assets/img/product/product-1.png]
[modinatheme.com/html/printnow-html/assets/img/product/product-box-shape1.png]
[modinatheme.com/html/printnow-html/assets/img/product/product-2.png]
[modinatheme.com/html/printnow-html/assets/img/product/product-box-shape2.png]
[modinatheme.com/html/printnow-html/assets/img/about/01.png]
[modinatheme.com/html/printnow-html/assets/img/about/video-bg.jpg]
[modinatheme.com/html/printnow-html/assets/img/about/author.png]
[modinatheme.com/html/printnow-html/assets/img/service/01.png]
[modinatheme.com/html/printnow-html/assets/img/service/02.png]
[modinatheme.com/html/printnow-html/assets/img/service/03.png]
[modinatheme.com/html/printnow-html/assets/img/service/04.png]
[modinatheme.com/html/printnow-html/assets/img/shop/01.jpg]
[modinatheme.com/html/printnow-html/assets/img/shop/02.jpg]
[modinatheme.com/html/printnow-html/assets/img/shop/03.jpg]
[modinatheme.com/html/printnow-html/assets/img/shop/04.jpg]
[modinatheme.com/html/printnow-html/assets/img/shop/05.jpg]
[modinatheme.com/html/printnow-html/assets/img/shop/06.jpg]
[modinatheme.com/html/printnow-html/assets/img/cta-bg.png]
[modinatheme.com/html/printnow-html/assets/img/cta-t-shirt.png]
[modinatheme.com/html/printnow-html/assets/img/project/06.jpg]
[modinatheme.com/html/printnow-html/assets/img/project/04.jpg]
[modinatheme.com/html/printnow-html/assets/img/project/05.jpg]
[modinatheme.com/html/printnow-html/assets/img/project/16.jpg]
[modinatheme.com/html/printnow-html/assets/img/project/17.jpg]
[modinatheme.com/html/printnow-html/assets/img/project/18.jpg]
[modinatheme.com/html/printnow-html/assets/img/pricing-shape.png]
[modinatheme.com/html/printnow-html/assets/img/testimonial/01.png]
[modinatheme.com/html/printnow-html/assets/img/testimonial/02.png]
[modinatheme.com/html/printnow-html/assets/img/faq/03.jpg]
[modinatheme.com/html/printnow-html/assets/img/faq/04.jpg]
[modinatheme.com/html/printnow-html/assets/img/feature-printing-bg.jpg]
[modinatheme.com/html/printnow-html/assets/img/quality.png]
[modinatheme.com/html/printnow-html/assets/img/process-icon/01.png]
[modinatheme.com/html/printnow-html/assets/img/process-icon/02.png]
[modinatheme.com/html/printnow-html/assets/img/process-icon/03.png]
[modinatheme.com/html/printnow-html/assets/img/news/01.jpg]
[modinatheme.com/html/printnow-html/assets/img/news/author.png]
[modinatheme.com/html/printnow-html/assets/img/news/02.jpg]
[modinatheme.com/html/printnow-html/assets/img/news/03.jpg]
[modinatheme.com/html/printnow-html/assets/img/brand/brand-logo-1.png]
[modinatheme.com/html/printnow-html/assets/img/brand/brand-logo-2.png]
[modinatheme.com/html/printnow-html/assets/img/brand/brand-logo-3.png]
[modinatheme.com/html/printnow-html/assets/img/brand/brand-logo-4.png]
[modinatheme.com/html/printnow-html/assets/img/brand/brand-logo-5.png]
[modinatheme.com/html/printnow-html/assets/img/cta-bg-3.jpg]
[modinatheme.com/html/printnow-html/assets/img/cta-2-shape2.png]
[modinatheme.com/cdn-cgi/scripts/5c5dd728/cloudflare-static/email-decode.min.js]
[modinatheme.com/html/printnow-html/assets/js/jquery-3.7.1.min.js]
[modinatheme.com/html/printnow-html/assets/js/viewport.jquery.js]
[modinatheme.com/html/printnow-html/assets/js/bootstrap.bundle.min.js]
[modinatheme.com/html/printnow-html/assets/js/gsap/gsap.js]
[modinatheme.com/html/printnow-html/assets/js/gsap/gsap-scroll-to-plugin.js]
[modinatheme.com/html/printnow-html/assets/js/gsap/gsap-scroll-smoother.js]
[modinatheme.com/html/printnow-html/assets/js/gsap/gsap-scroll-trigger.js]
[modinatheme.com/html/printnow-html/assets/js/gsap/gsap-split-text.js]
[modinatheme.com/html/printnow-html/assets/js/jquery.nice-select.min.js]
[modinatheme.com/html/printnow-html/assets/js/jquery.waypoints.js]
[modinatheme.com/html/printnow-html/assets/js/jquery.counterup.min.js]
[modinatheme.com/html/printnow-html/assets/js/swiper-bundle.min.js]
[modinatheme.com/html/printnow-html/assets/js/jquery.meanmenu.min.js]
[modinatheme.com/html/printnow-html/assets/js/jquery.magnific-popup.min.js]
[modinatheme.com/html/printnow-html/assets/js/wow.min.js]
[modinatheme.com/html/printnow-html/index04b9.html]
[modinatheme.com/html/printnow-html/assets/img/favicon.svg]
[modinatheme.com/html/printnow-html/assets/css/bootstrap.min.css]
[modinatheme.com/html/printnow-html/assets/js/main.js]
[modinatheme.com/html/printnow-html/assets/fonts/fa-brands-400d41d.eot]
[modinatheme.com/html/printnow-html/assets/fonts/fa-brands-400.woff2]
[modinatheme.com/html/printnow-html/assets/fonts/fa-brands-400.woff]
[modinatheme.com/html/printnow-html/assets/fonts/fa-light-300d41d.eot]
[modinatheme.com/html/printnow-html/assets/fonts/fa-light-300.woff2]
[modinatheme.com/html/printnow-html/assets/fonts/fa-light-300.woff]
[modinatheme.com/html/printnow-html/assets/fonts/fa-light-300.eot]
[modinatheme.com/html/printnow-html/assets/fonts/fa-regular-400.eot]
[modinatheme.com/html/printnow-html/assets/fonts/fa-regular-400.woff2]
[modinatheme.com/html/printnow-html/assets/fonts/fa-regular-400d41d.eot]
[modinatheme.com/html/printnow-html/assets/fonts/fa-regular-400.woff]
[modinatheme.com/html/printnow-html/assets/fonts/fa-solid-900.eot]
[modinatheme.com/html/printnow-html/assets/fonts/fa-solid-900d41d.eot]
[modinatheme.com/html/printnow-html/assets/fonts/fa-solid-900.woff2]
[modinatheme.com/html/printnow-html/assets/fonts/fa-solid-900.woff]
[modinatheme.com/html/printnow-html/assets/fonts/flaticon.woff2]
[modinatheme.com/html/printnow-html/assets/fonts/flaticon.woff]
[modinatheme.com/html/printnow-html/assets/css/font-awesome.css]
[modinatheme.com/html/printnow-html/assets/css/animate.css]
[modinatheme.com/html/printnow-html/assets/css/magnific-popup.css]
[modinatheme.com/html/printnow-html/assets/css/meanmenu.css]
[modinatheme.com/html/printnow-html/assets/css/swiper-bundle.min.css]
[modinatheme.com/html/printnow-html/assets/css/nice-select.css]
[modinatheme.com/html/printnow-html/assets/fonts/flaticond41d.eot]
[modinatheme.com/html/printnow-html/assets/img/quotepost.png]
[modinatheme.com/html/printnow-html/assets/css/main.css]
[modinatheme.com/html/printnow-html/style.css]
[modinatheme.com/html/printnow-html/index.html]
[modinatheme.com/html/printnow-html/assets/img/logo/logo.svg]
[modinatheme.com/html/printnow-html/assets/img/toggle.svg]
[modinatheme.com/html/printnow-html/assets/img/breadcrumb.png]
[modinatheme.com/html/printnow-html/assets/img/shop/details.jpg]
[modinatheme.com/html/printnow-html/assets/img/shop/details-2.jpg]
[modinatheme.com/html/printnow-html/assets/img/shop/details-3.jpg]
[modinatheme.com/html/printnow-html/assets/img/shop/details-4.jpg]
[modinatheme.com/html/printnow-html/assets/img/shop/sm-1.jpg]
[modinatheme.com/html/printnow-html/assets/img/shop/sm-2.jpg]
[modinatheme.com/html/printnow-html/assets/img/shop/sm-3.jpg]
[modinatheme.com/html/printnow-html/assets/img/shop/sm-4.jpg]
[modinatheme.com/html/printnow-html/assets/img/shop/r-1.jpg]
[modinatheme.com/html/printnow-html/assets/img/shop/r-2.jpg]
[modinatheme.com/html/printnow-html/assets/img/shop/r-3.png]
[modinatheme.com/html/printnow-html/assets/img/product/p-1.jpg]
[modinatheme.com/html/printnow-html/assets/img/product/p-4.jpg]
[modinatheme.com/html/printnow-html/assets/img/product/p-3.jpg]
[modinatheme.com/html/printnow-html/assets/img/product/p-2.jpg]
[modinatheme.com/html/printnow-html/shop-details.html]
[modinatheme.com/html/printnow-html/assets/img/logo/white-logo.svg]
[modinatheme.com/html/printnow-html/assets/img/hero/01.jpg]
[modinatheme.com/html/printnow-html/assets/img/hero/02.jpg]
[modinatheme.com/html/printnow-html/assets/img/hero/03.jpg]
[modinatheme.com/html/printnow-html/assets/img/update/about-icon-1.svg]
[modinatheme.com/html/printnow-html/assets/img/about/t-shirt.png]
[modinatheme.com/html/printnow-html/assets/img/about/t-shirt-shape.png]
[modinatheme.com/html/printnow-html/assets/img/about/house-shape.png]
[modinatheme.com/html/printnow-html/assets/img/shop-banner/03.jpg]
[modinatheme.com/html/printnow-html/assets/img/shop-banner/04.jpg]
[modinatheme.com/html/printnow-html/assets/img/shop-banner/05.jpg]
[modinatheme.com/html/printnow-html/assets/img/service/bg-shape.png]
[modinatheme.com/html/printnow-html/assets/img/service/icon-1.png]
[modinatheme.com/html/printnow-html/assets/img/service/icon-2.png]
[modinatheme.com/html/printnow-html/assets/img/shop-banner/shop-banner.png]
[modinatheme.com/html/printnow-html/assets/img/deal-bg.png]
[modinatheme.com/html/printnow-html/assets/img/process-icon/01.svg]
[modinatheme.com/html/printnow-html/assets/img/process-icon/02.svg]
[modinatheme.com/html/printnow-html/assets/img/process-icon/03.svg]
[modinatheme.com/html/printnow-html/assets/img/faq/01.jpg]
[modinatheme.com/html/printnow-html/assets/img/faq/02.jpg]
[modinatheme.com/html/printnow-html/assets/img/process-icon/04.svg]
[modinatheme.com/html/printnow-html/assets/img/counter-bg.jpg]
[modinatheme.com/html/printnow-html/assets/img/icon/icon-1.svg]
[modinatheme.com/html/printnow-html/assets/img/icon/icon-2.svg]
[modinatheme.com/html/printnow-html/assets/img/icon/icon-4.svg]
[modinatheme.com/html/printnow-html/assets/img/testimonial/shape-1.png]
[modinatheme.com/html/printnow-html/assets/img/testimonial/shape-2.png]
[modinatheme.com/html/printnow-html/assets/img/testimonial/01.jpg]
[modinatheme.com/html/printnow-html/assets/img/custom-order-bg.jpg]
[modinatheme.com/html/printnow-html/assets/img/custom-img.png]
[modinatheme.com/html/printnow-html/assets/img/premium-logo.png]
[modinatheme.com/html/printnow-html/assets/img/news/04.jpg]
[modinatheme.com/html/printnow-html/assets/img/news/05.jpg]
[modinatheme.com/html/printnow-html/assets/img/news/06.jpg]
[modinatheme.com/html/printnow-html/assets/img/testimonial/03.png]
[modinatheme.com/html/printnow-html/assets/img/cta-bg-2.jpg]
[modinatheme.com/html/printnow-html/assets/img/cta1.png]
[modinatheme.com/html/printnow-html/assets/img/cta2.png]
[modinatheme.com/html/printnow-html/shop-details]
[modinatheme.com/html/printnow-html/assets/img/footer-bg.png]
[modinatheme.com/html/printnow-html/assets/img/footer/gallery-1.jpg]
[modinatheme.com/html/printnow-html/assets/img/footer/gallery-2.jpg]
[modinatheme.com/html/printnow-html/assets/img/footer/gallery-3.jpg]
[modinatheme.com/html/printnow-html/assets/img/footer/gallery-4.jpg]
[modinatheme.com/html/printnow-html/assets/img/footer/gallery-5.jpg]
[modinatheme.com/html/printnow-html/assets/img/footer/gallery-6.jpg]
[modinatheme.com/html/printnow-html/index-2.html]
[modinatheme.com/html/printnow-html/assets/js/countdowncustom.js]
[modinatheme.com/html/printnow-html/assets/img/hero/t-shirt.png]
[modinatheme.com/html/printnow-html/assets/img/hero/t-shirt-bg.png]
[modinatheme.com/html/printnow-html/assets/img/hero/mockup-shape.png]
[modinatheme.com/html/printnow-html/assets/img/hero/cup-shape.png]
[modinatheme.com/html/printnow-html/assets/img/hero/ts-1.png]
[modinatheme.com/html/printnow-html/assets/img/hero/cap-shape.png]
[modinatheme.com/html/printnow-html/assets/img/about/about-1.jpg]
[modinatheme.com/html/printnow-html/assets/img/about/about-2.jpg]
[modinatheme.com/html/printnow-html/assets/img/about/about-3.jpg]
[modinatheme.com/html/printnow-html/assets/img/about/about-4.jpg]
[modinatheme.com/html/printnow-html/assets/img/catagories/01.png]
[modinatheme.com/html/printnow-html/assets/img/catagories/02.png]
[modinatheme.com/html/printnow-html/assets/img/catagories/03.png]
[modinatheme.com/html/printnow-html/assets/img/catagories/04.png]
[modinatheme.com/html/printnow-html/assets/img/service/01.jpg]
[modinatheme.com/html/printnow-html/assets/img/service/02.jpg]
[modinatheme.com/html/printnow-html/assets/img/service/03.jpg]
[modinatheme.com/html/printnow-html/assets/img/service/04.jpg]
[modinatheme.com/html/printnow-html/assets/img/feature-product/01.png]
[modinatheme.com/html/printnow-html/assets/img/feature-product/02.png]
[modinatheme.com/html/printnow-html/assets/img/feature-product/03.png]
[modinatheme.com/html/printnow-html/assets/img/feature-product/04.png]
[modinatheme.com/html/printnow-html/assets/img/feature-product/05.png]
[modinatheme.com/html/printnow-html/assets/img/feature-product/06.png]
[modinatheme.com/html/printnow-html/assets/img/feature-product/banner-image.jpg]
[modinatheme.com/html/printnow-html/assets/img/project/01.jpg]
[modinatheme.com/html/printnow-html/assets/img/project/02.jpg]
[modinatheme.com/html/printnow-html/assets/img/project/03.jpg]
[modinatheme.com/html/printnow-html/assets/img/feature-printing.png]
[modinatheme.com/html/printnow-html/assets/img/icon/icon-3.svg]
[modinatheme.com/html/printnow-html/assets/img/shop-banner/01.jpg]
[modinatheme.com/html/printnow-html/assets/img/shop-banner/02.jpg]
[modinatheme.com/html/printnow-html/assets/img/cta-bg.jpg]
[modinatheme.com/html/printnow-html/assets/img/choose-us.png]
[modinatheme.com/html/printnow-html/assets/img/choose-us/01.png]
[modinatheme.com/html/printnow-html/assets/img/choose-us/02.png]
[modinatheme.com/html/printnow-html/assets/img/choose-us/03.png]
[modinatheme.com/html/printnow-html/assets/img/choose-us/04.png]
[modinatheme.com/html/printnow-html/assets/img/testimonial-bg.jpg]
[modinatheme.com/html/printnow-html/assets/img/contact/icon-1.png]
[modinatheme.com/html/printnow-html/assets/img/contact/icon-2.png]
[modinatheme.com/html/printnow-html/assets/img/contact/icon-3.png]
[modinatheme.com/html/printnow-html/assets/img/contact/icon-4.png]
[modinatheme.com/html/printnow-html/assets/img/contact/icon-5.png]
[modinatheme.com/html/printnow-html/assets/img/contact/icon-6.png]
[modinatheme.com/html/printnow-html/assets/img/play.png]
[modinatheme.com/html/printnow-html/assets/img/app.png]
[modinatheme.com/html/printnow-html/assets/img/card.png]
[modinatheme.com/html/printnow-html/index-3.html]
[modinatheme.com/html/printnow-html/assets/img/hero/04.jpg]
[modinatheme.com/html/printnow-html/assets/img/hero/05.jpg]
[modinatheme.com/html/printnow-html/assets/img/hero/06.jpg]
[modinatheme.com/html/printnow-html/assets/img/hero/07.jpg]
[modinatheme.com/html/printnow-html/assets/img/product/product-3.png]
[modinatheme.com/html/printnow-html/assets/img/product/product-4.png]
[modinatheme.com/html/printnow-html/assets/img/feature-product/banner-image-2.jpg]
[modinatheme.com/html/printnow-html/assets/img/trending-product/01.png]
[modinatheme.com/html/printnow-html/assets/img/trending-product/02.png]
[modinatheme.com/html/printnow-html/assets/img/trending-product/03.png]
[modinatheme.com/html/printnow-html/assets/img/trending-product/04.png]
[modinatheme.com/html/printnow-html/assets/img/trending-product/05.png]
[modinatheme.com/html/printnow-html/assets/img/trending-product/06.png]
[modinatheme.com/html/printnow-html/assets/img/trending-product/07.png]
[modinatheme.com/html/printnow-html/assets/img/trending-product/08.png]
[modinatheme.com/html/printnow-html/assets/img/testimonial/testimonial-bg-2.jpg]
[modinatheme.com/html/printnow-html/assets/img/cta-bg-4.jpg]
[modinatheme.com/html/printnow-html/assets/img/cta-offer-shape.png]
[modinatheme.com/html/printnow-html/assets/img/cta-offer-shape-2.png]
[modinatheme.com/html/printnow-html/assets/img/news/07.jpg]
[modinatheme.com/html/printnow-html/assets/img/news/08.jpg]
[modinatheme.com/html/printnow-html/assets/img/news/09.jpg]
[modinatheme.com/html/printnow-html/assets/img/news/10.jpg]
[modinatheme.com/html/printnow-html/assets/img/instagram/01.png]
[modinatheme.com/html/printnow-html/assets/img/instagram/02.png]
[modinatheme.com/html/printnow-html/assets/img/instagram/03.png]
[modinatheme.com/html/printnow-html/assets/img/instagram/04.png]
[modinatheme.com/html/printnow-html/assets/img/instagram/05.png]
[modinatheme.com/html/printnow-html/index-4.html]
[modinatheme.com/html/printnow-html/about.html]
[modinatheme.com/html/printnow-html/service.html]
[modinatheme.com/html/printnow-html/assets/img/service/details.jpg]
[modinatheme.com/html/printnow-html/assets/img/service/details-2.jpg]
[modinatheme.com/html/printnow-html/assets/img/service/contact-bg.jpg]
[modinatheme.com/html/printnow-html/service-details.html]
[modinatheme.com/html/printnow-html/shop.html]
[modinatheme.com/html/printnow-html/shop-left-sidebar.html]
[modinatheme.com/html/printnow-html/shop-leftsidebar.html]
[modinatheme.com/html/printnow-html/shop-rightsidebar.html]
[modinatheme.com/html/printnow-html/assets/img/product/cart.jpg]
[modinatheme.com/html/printnow-html/shop-cart.html]
[modinatheme.com/html/printnow-html/checkout.html]
[modinatheme.com/html/printnow-html/reset-password.html]
[modinatheme.com/html/printnow-html/sign-in.html]
[modinatheme.com/html/printnow-html/sign-up.html]
[modinatheme.com/html/printnow-html/assets/img/news/post-1.jpg]
[modinatheme.com/html/printnow-html/assets/img/news/post-2.jpg]
[modinatheme.com/html/printnow-html/assets/img/news/post-3.jpg]
[modinatheme.com/html/printnow-html/assets/img/news/pp1.jpg]
[modinatheme.com/html/printnow-html/assets/img/news/pp2.jpg]
[modinatheme.com/html/printnow-html/assets/img/news/pp3.jpg]
[modinatheme.com/html/printnow-html/news.html]
[modinatheme.com/html/printnow-html/assets/img/project/10.jpg]
[modinatheme.com/html/printnow-html/assets/img/project/11.jpg]
[modinatheme.com/html/printnow-html/assets/img/project/12.jpg]
[modinatheme.com/html/printnow-html/assets/img/project/13.jpg]
[modinatheme.com/html/printnow-html/assets/img/project/14.jpg]
[modinatheme.com/html/printnow-html/assets/img/project/15.jpg]
[modinatheme.com/html/printnow-html/project.html]
[modinatheme.com/html/printnow-html/assets/img/project/details-1.jpg]
[modinatheme.com/html/printnow-html/assets/img/project/08.jpg]
[modinatheme.com/html/printnow-html/assets/img/project/09.jpg]
[modinatheme.com/html/printnow-html/project-details.html]
[modinatheme.com/html/printnow-html/pricing.html]
[modinatheme.com/html/printnow-html/faq.html]
[modinatheme.com/html/printnow-html/404.html]
[modinatheme.com/html/printnow-html/news-grid.html]
[modinatheme.com/html/printnow-html/assets/img/news/post-4.jpg]
[modinatheme.com/html/printnow-html/assets/img/news/post-5.jpg]
[modinatheme.com/html/printnow-html/assets/img/news/author_img2.jpg]
[modinatheme.com/html/printnow-html/assets/img/news/author_img3.jpg]
[modinatheme.com/html/printnow-html/assets/img/news/author_img4.jpg]
[modinatheme.com/html/printnow-html/news-details.html]
[modinatheme.com/html/printnow-html/contact.html]
[modinatheme.com/html/printnow-html/product-details.html]
[modinatheme.com/html/printnow-html/assets/img/toggle.svg]
[modinatheme.com/html/printnow-html/assets/img/update/about-icon-1.svg]
[modinatheme.com/html/printnow-html/assets/img/process-icon/01.svg]
[modinatheme.com/html/printnow-html/assets/js/ajax-mail.js]
[modinatheme.com/html/printnow-html/assets/img/process-icon/02.svg]
[modinatheme.com/html/printnow-html/assets/img/process-icon/03.svg]
[modinatheme.com/html/printnow-html/assets/img/process-icon/04.svg]
[modinatheme.com/html/printnow-html/assets/img/icon/icon-1.svg]
[modinatheme.com/html/printnow-html/assets/img/icon/icon-2.svg]
[modinatheme.com/html/printnow-html/assets/img/icon/icon-4.svg]
[modinatheme.com/html/printnow-html/shop-details-2.html]
[modinatheme.com/html/printnow-html/assets/img/icon/icon-3.svg]
[modinatheme.com/html/printnow-html/shop-left-sidebar.html]
[modinatheme.com/html/printnow-html/reset-password.html]
